// Jest Snapshot v1, https://goo.gl/fbAQLP

exports[`<HomePage /> should render 1`] = `
.c0 {
  box-sizing: border-box;
  width: 100%;
  padding-left: 30px;
  padding-right: 30px;
}

.c2 {
  box-sizing: border-box;
  width: 0%;
}

.c4 {
  box-sizing: border-box;
  width: 100%;
  padding-right: 20px;
}

.c3 {
  height: 100%;
  max-height: 700px;
  overflow: hidden;
}

.c3 svg {
  height: 100%;
  width: 150%;
}

.c3 path,
.c3 polygon {
  stroke-width: 4px;
  stroke-linecap: round;
  stroke-linejoin: round;
}

.c3 g:nth-child(1) {
  stroke: #0000b2;
  fill: #000019;
}

.c3 g:nth-child(2) {
  stroke: blue;
  fill: #000019;
}

.c3 g:nth-child(3) {
  stroke: #b3b3b3;
  fill: #262626;
}

.c1 {
  font-size: 3.5em;
  line-height: 1.2em;
  padding: 100px 0;
}

.c1 span {
  font-size: 0.6em;
  display: block;
  line-height: 1.5em;
  font-weight: 400;
  padding-top: 15px;
  color: #808080;
}

@media screen and (min-width:40em) {
  .c0 {
    width: 100%;
  }
}

@media screen and (min-width:52em) {
  .c0 {
    width: 100%;
  }
}

@media screen and (min-width:64em) {
  .c0 {
    width: 66.66666666666666%;
  }
}

@media screen and (min-width:40em) {
  .c0 {
    padding-left: 50px;
    padding-right: 50px;
  }
}

@media screen and (min-width:52em) {
  .c0 {
    padding-left: 80px;
    padding-right: 80px;
  }
}

@media screen and (min-width:40em) {
  .c2 {
    width: 0%;
  }
}

@media screen and (min-width:52em) {
  .c2 {
    width: 0%;
  }
}

@media screen and (min-width:64em) {
  .c2 {
    width: 33.33333333333333%;
  }
}

@media screen and (min-width:40em) {
  .c4 {
    width: 100%;
  }
}

@media screen and (min-width:52em) {
  .c4 {
    width: 33.33333333333333%;
  }
}

@media screen and (min-width:40em) {
  .c4 {
    padding-right: 20px;
  }
}

@media screen and (min-width:52em) {
  .c4 {
    padding-right: 50px;
  }
}

@media (max-width:1020px) {
  .c3 {
    display: none;
  }
}

@media (max-width:1000px) {
  .c1 {
    font-size: 3.5em;
    padding: 70px 0;
  }
}

@media (max-width:900px) {
  .c1 {
    font-size: 2.5em;
    padding: 40px 0;
  }
}

<article>
  <span>
    <div
      className="c0"
      is={null}
    >
      <h2
        className="c1"
      >
        Modular infrastructure to build universal applications
        <span>
          For web, iOs, Android and desktop with a complete set of tools from design principles to production.
        </span>
      </h2>
    </div>
    <div
      className="c2"
      is={null}
    >
      <div
        className="c3"
      >
        <svg
          viewBox="0 0 402 372"
          xmlns="http://www.w3.org/2000/svg"
        >
          <g>
            <polygon
              points="139,210.6 139,226.6 84,258.5 84,242.6"
            />
            <polygon
              points="84,242.6 84,258.5 28.6,226.6 28.6,210.6"
            />
            <polygon
              points="139,210.6 84,242.6 28.6,210.6 83.7,178.7"
            />
            <path
              d="M103.3,201l0,9.7c0,2.9-1.9,5.7-5.7,7.9c-7.6,4.4-20,4.4-27.6,0c-3.8-2.2-5.8-5.1-5.8-8l0-9.7 c0,2.9,1.9,5.8,5.8,8c7.6,4.4,20,4.4,27.6,0C101.4,206.7,103.3,203.8,103.3,201"
            />
            <path
              d="M97.6,192.8c7.6,4.4,7.7,11.6,0.1,16c-7.6,4.4-20,4.4-27.6,0c-7.6-4.4-7.7-11.6-0.1-16 C77.6,188.4,89.9,188.4,97.6,192.8z"
            />
          </g>
          <g>
            <polygon
              points="415.6,178.4 360.6,210.4 305.2,178.4 360.2,146.4"
            />
            <path
              d="M379.9,168.7l0,9.7c0,2.9-1.9,5.7-5.7,7.9c-7.6,4.4-20,4.4-27.6,0c-3.8-2.2-5.8-5.1-5.8-8l0-9.7 c0,2.9,1.9,5.8,5.8,8c7.6,4.4,20,4.4,27.6,0C378,174.5,379.9,171.6,379.9,168.7z"
            />
            <path
              d="M374.2,160.6c7.6,4.4,7.7,11.6,0.1,16c-7.6,4.4-20,4.4-27.6,0c-7.6-4.4-7.7-11.6-0.1-16 C354.2,156.2,366.5,156.2,374.2,160.6z"
            />
            <polygon
              points="471,210.4 416,242.4 360.6,210.4 415.7,178.4"
            />
            <path
              d="M435.3,200.7l0,9.7c0,2.9-1.9,5.7-5.7,7.9c-7.6,4.4-20,4.4-27.6,0c-3.8-2.2-5.8-5.1-5.8-8l0-9.7 c0,2.9,1.9,5.8,5.8,8c7.6,4.4,20,4.4,27.6,0C433.5,206.4,435.3,203.6,435.3,200.7z"
            />
            <path
              d="M429.6,192.6c7.6,4.4,7.7,11.6,0.1,16c-7.6,4.4-20,4.4-27.6,0c-7.6-4.4-7.7-11.6-0.1-16 C409.6,188.2,421.9,188.2,429.6,192.6z"
            />
            <polygon
              points="360.4,210.4 305.4,242.4 250,210.4 305,178.4"
            />
            <path
              d="M324.7,200.7l0,9.7c0,2.9-1.9,5.7-5.7,7.9c-7.6,4.4-20,4.4-27.6,0c-3.8-2.2-5.8-5.1-5.8-8l0-9.7 c0,2.9,1.9,5.8,5.8,8c7.6,4.4,20,4.4,27.6,0C322.8,206.4,324.7,203.6,324.7,200.7z"
            />
            <path
              d="M318.9,192.6c7.6,4.4,7.7,11.6,0.1,16c-7.6,4.4-20,4.4-27.6,0c-7.6-4.4-7.7-11.6-0.1-16 C298.9,188.2,311.3,188.2,318.9,192.6z"
            />
            <polygon
              points="415.8,242.4 415.8,258.3 360.8,290.2 360.8,274.3"
            />
            <polygon
              points="415.8,242.4 360.8,274.3 305.4,242.4 360.4,210.4"
            />
            <path
              d="M380.1,232.7l0,9.7c0,2.9-1.9,5.7-5.7,7.9c-7.6,4.4-20,4.4-27.6,0c-3.8-2.2-5.8-5.1-5.8-8l0-9.7 c0,2.9,1.9,5.8,5.8,8c7.6,4.4,20,4.4,27.6,0C378.2,238.4,380.1,235.5,380.1,232.7z"
            />
            <path
              d="M374.4,224.5c7.6,4.4,7.7,11.6,0.1,16c-7.6,4.4-20,4.4-27.6,0c-7.6-4.4-7.7-11.6-0.1-16 C354.4,220.1,366.7,220.1,374.4,224.5z"
            />
            <polygon
              points="305.4,242.4 250.4,274.3 195,242.4 250,210.4"
            />
            <path
              d="M269.7,232.7l0,9.7c0,2.9-1.9,5.7-5.7,7.9c-7.6,4.4-20,4.4-27.6,0c-3.8-2.2-5.8-5.1-5.8-8l0-9.7 c0,2.9,1.9,5.8,5.8,8c7.6,4.4,20,4.4,27.6,0C267.8,238.4,269.7,235.5,269.7,232.7z"
            />
            <path
              d="M263.9,224.5c7.6,4.4,7.7,11.6,0.1,16c-7.6,4.4-20,4.4-27.6,0c-7.6-4.4-7.7-11.6-0.1-16 C243.9,220.1,256.3,220.1,263.9,224.5z"
            />
            <polygon
              points="360.8,274.3 360.8,290.2 305.7,322.2 305.8,306.3"
            />
            <polygon
              points="360.8,274.3 305.8,306.3 250.4,274.3 305.4,242.4"
            />
            <path
              d="M325.1,264.6l0,9.7c0,2.9-1.9,5.7-5.7,7.9c-7.6,4.4-20,4.4-27.6,0c-3.8-2.2-5.8-5.1-5.8-8l0-9.7 c0,2.9,1.9,5.8,5.8,8c7.6,4.4,20,4.4,27.6,0C323.2,270.4,325.1,267.5,325.1,264.6z"
            />
            <path
              d="M319.3,256.5c7.6,4.4,7.7,11.6,0.1,16c-7.6,4.4-20,4.4-27.6,0c-7.6-4.4-7.7-11.6-0.1-16 C299.4,252.1,311.7,252.1,319.3,256.5z"
            />
            <polygon
              points="195.1,306.3 195.1,322.2 139.7,290.2 139.8,274.3"
            />
            <polygon
              points="250.2,274.3 195.1,306.3 139.8,274.3 194.8,242.4"
            />
            <path
              d="M214.5,264.6l0,9.7c0,2.9-1.9,5.7-5.7,7.9c-7.6,4.4-20,4.4-27.6,0c-3.8-2.2-5.8-5.1-5.8-8l0-9.7 c0,2.9,1.9,5.8,5.8,8c7.6,4.4,20,4.4,27.6,0C212.6,270.4,214.5,267.5,214.5,264.6"
            />
            <path
              d="M208.7,256.5c7.6,4.4,7.7,11.6,0.1,16c-7.6,4.4-20,4.4-27.6,0c-7.6-4.4-7.7-11.6-0.1-16 C188.7,252.1,201.1,252.1,208.7,256.5z"
            />
            <polygon
              points="305.6,306.3 305.5,322.2 250.5,354.2 250.6,338.3"
            />
            <polygon
              points="250.6,338.3 250.5,354.2 195.1,322.2 195.2,306.3"
            />
            <polygon
              points="305.6,306.3 250.6,338.3 195.2,306.3 250.2,274.3"
            />
            <polygon
              points="470.8,210.4 470.8,226.3 415.8,258.3 415.8,242.4"
            />
            <path
              d="M269.9,296.6l0,9.7c0,2.9-1.9,5.7-5.7,7.9c-7.6,4.4-20,4.4-27.6,0c-3.8-2.2-5.8-5.1-5.8-8l0-9.7 c0,2.9,1.9,5.8,5.8,8c7.6,4.4,20,4.4,27.6,0C268,302.3,269.9,299.5,269.9,296.6z"
            />
            <path
              d="M264.1,288.5c7.6,4.4,7.7,11.6,0.1,16c-7.6,4.4-20,4.4-27.6,0c-7.6-4.4-7.7-11.6-0.1-16 C244.1,284.1,256.5,284.1,264.1,288.5z"
            />
          </g>
          <g>
            <polygon
              points="359.5,83.2 359.4,99.1 304.4,131 304.4,115.1"
            />
            <polygon
              points="304.4,115.1 304.4,131 249.4,163 249.4,147.1"
            />
            <polygon
              points="249.2,147.1 249.2,163 194.2,195 194.2,179.1"
            />
            <polygon
              points="194.2,179.1 194.2,195 138.8,163 138.8,147.1"
            />
            <polygon
              points="359.5,67.2 359.4,83.1 304.4,115.1 304.4,99.1"
            />
            <polygon
              points="304.4,99.1 304.4,115.1 249.4,147 249.4,131.1"
            />
            <polygon
              points="249.2,131.1 249.2,147 194.2,179 194.2,163.1"
            />
            <polygon
              points="194.2,163.1 194.2,179 138.8,147 138.8,131.1"
            />
            <polygon
              points="359.5,51.2 359.4,67.1 304.4,99.1 304.4,83.2"
            />
            <polygon
              points="359.5,51.2 304.4,83.2 249.1,51.2 304.1,19.2"
            />
            <path
              d="M323.8,41.5l0,9.7c0,2.9-1.9,5.7-5.7,7.9c-7.6,4.4-20,4.4-27.6,0c-3.8-2.2-5.8-5.1-5.8-8l0-9.7 c0,2.9,1.9,5.8,5.8,8c7.6,4.4,20,4.4,27.6,0C321.9,47.2,323.8,44.4,323.8,41.5z"
            />
            <path
              d="M318,33.4c7.6,4.4,7.7,11.6,0.1,16c-7.6,4.4-20,4.4-27.6,0c-7.6-4.4-7.7-11.6-0.1-16 C298,29,310.4,29,318,33.4z"
            />
            <polygon
              points="304.4,83.2 304.4,99.1 249.4,131 249.4,115.1"
            />
            <polygon
              points="304.4,83.2 249.4,115.1 194.1,83.2 249.1,51.2"
            />
            <path
              d="M268.8,73.5l0,9.7c0,2.9-1.9,5.7-5.7,7.9c-7.6,4.4-20,4.4-27.6,0c-3.8-2.2-5.8-5.1-5.8-8l0-9.7 c0,2.9,1.9,5.8,5.8,8c7.6,4.4,20,4.4,27.6,0C266.9,79.2,268.7,76.3,268.8,73.5z"
            />
            <path
              d="M263,65.3c7.6,4.4,7.7,11.6,0.1,16c-7.6,4.4-20,4.4-27.6,0c-7.6-4.4-7.7-11.6-0.1-16 C243,60.9,255.3,60.9,263,65.3z"
            />
            <polygon
              points="249.2,115.1 249.2,131 194.2,163 194.2,147.1"
            />
            <polygon
              points="194.2,147.1 194.2,163 138.8,131 138.8,115.1"
            />
            <polygon
              points="249.2,115.1 194.2,147.1 138.8,115.1 193.8,83.2"
            />
            <path
              d="M213.5,105.4l0,9.7c0,2.9-1.9,5.7-5.7,7.9c-7.6,4.4-20,4.4-27.6,0c-3.8-2.2-5.8-5.1-5.8-8l0-9.7 c0,2.9,1.9,5.8,5.8,8c7.6,4.4,20,4.4,27.6,0C211.6,111.2,213.5,108.3,213.5,105.4z"
            />
            <path
              d="M207.8,97.3c7.6,4.4,7.7,11.6,0.1,16c-7.6,4.4-20,4.4-27.6,0c-7.6-4.4-7.7-11.6-0.1-16 C187.8,92.9,200.1,92.9,207.8,97.3z"
            />
          </g>
        </svg>
      </div>
    </div>
  </span>
  <span>
    <div
      className="c4"
      is={null}
    >
      <span />
    </div>
    <div
      className="c4"
      is={null}
    >
      <span />
    </div>
    <div
      className="c4"
      is={null}
    >
      <span />
    </div>
  </span>
</article>
`;
